Database changed
MariaDB [paula]> CREATE TABLE clientes (id INT, nombre VARCHAR(255), edad INT);
Query OK, 0 rows affected (0.498 sec)

MariaDB [paula]> show table status
    -> show table status;
ERROR 1064 (42000): You have an error in your SQL syntax; check the manual that corresponds to your MariaDB server version for the right syntax to use near 'show table status' at line 2
MariaDB [paula]> show table status;
+----------+--------+---------+------------+------+----------------+-------------+-----------------+--------------+-----------+----------------+---------------------+-------------+------------+--------------------+----------+----------------+---------+------------------+-----------+
| Name     | Engine | Version | Row_format | Rows | Avg_row_length | Data_length | Max_data_length | Index_length | Data_free | Auto_increment | Create_time         | Update_time | Check_time | Collation          | Checksum | Create_options | Comment | Max_index_length | Temporary |
+----------+--------+---------+------------+------+----------------+-------------+-----------------+--------------+-----------+----------------+---------------------+-------------+------------+--------------------+----------+----------------+---------+------------------+-----------+
| clientes | InnoDB |      10 | Dynamic    |    0 |              0 |       16384 |               0 |            0 |         0 |           NULL | 2020-12-21 20:06:27 | NULL        | NULL       | utf8mb4_general_ci |     NULL |                |         |                0 | N         |
| schulz   | InnoDB |      10 | Dynamic    |    0 |              0 |       16384 |               0 |            0 |         0 |           NULL | 2020-11-30 20:05:54 | NULL        | NULL       | utf8_spanish_ci    |     NULL |                |         |                0 | N         |
| tabla2   | InnoDB |      10 | Dynamic    |    0 |              0 |       16384 |               0 |            0 |         0 |           NULL | 2020-11-30 20:18:13 | NULL        | NULL       | utf8_spanish_ci    |     NULL |                |         |                0 | N         |
+----------+--------+---------+------------+------+----------------+-------------+-----------------+--------------+-----------+----------------+---------------------+-------------+------------+--------------------+----------+----------------+---------+------------------+-----------+
3 rows in set (0.003 sec)

MariaDB [paula]> SELECT * FROM clientes;
Empty set (0.120 sec)

MariaDB [paula]> INSERT INTO clientes VALUES (1, "Ricardo Bustamante", 32);
Query OK, 1 row affected (0.155 sec)

MariaDB [paula]> INSERT INTO clientes VALUES (2, "juanita perez", 35);
Query OK, 1 row affected (0.135 sec)

MariaDB [paula]> SELECT FROM clientes;
ERROR 1064 (42000): You have an error in your SQL syntax; check the manual that corresponds to your MariaDB server version for the right syntax to use near 'FROM clientes' at line 1
MariaDB [paula]> SELECT *FROM clientes;
+------+--------------------+------+
| id   | nombre             | edad |
+------+--------------------+------+
|    1 | Ricardo Bustamante |   32 |
|    2 | juanita perez      |   35 |
+------+--------------------+------+
2 rows in set (0.001 sec)

MariaDB [paula]> UPDATE clientes SET nombre="Juanito Perez" WHERE id=1;
Query OK, 1 row affected (0.164 sec)
Rows matched: 1  Changed: 1  Warnings: 0

MariaDB [paula]> SELECT*FROM clientes;
+------+---------------+------+
| id   | nombre        | edad |
+------+---------------+------+
|    1 | Juanito Perez |   32 |
|    2 | juanita perez |   35 |
+------+---------------+------+
2 rows in set (0.000 sec)

MariaDB [paula]> INSERT INTO clientes VALUES (3, "Juanitobebe perez", 1);
Query OK, 1 row affected (0.129 sec)

MariaDB [paula]> SELECT * FROM clientes;
+------+-------------------+------+
| id   | nombre            | edad |
+------+-------------------+------+
|    1 | Juanito Perez     |   32 |
|    2 | juanita perez     |   35 |
|    3 | Juanitobebe perez |    1 |
+------+-------------------+------+
3 rows in set (0.000 sec)

MariaDB [paula]> DELETE FROM clientes WHERE id=3;
Query OK, 1 row affected (0.156 sec)

MariaDB [paula]> SELECT * FROM clientes;
+------+---------------+------+
| id   | nombre        | edad |
+------+---------------+------+
|    1 | Juanito Perez |   32 |
|    2 | juanita perez |   35 |
+------+---------------+------+
2 rows in set (0.001 sec)

MariaDB [paula]>